// Jest Snapshot v1, https://goo.gl/fbAQLP

exports[`Dev loader loadPage should be successful when component can be loaded 1`] = `
Object {
  "component": "instance",
  "json": Object {
    "pageContext": "something something",
  },
  "page": Object {
    "componentChunkName": "chunk",
    "matchPath": undefined,
    "path": "/mypage/",
    "webpackCompilationHash": "123",
  },
}
`;

exports[`Dev loader loadPage should load matchPath pageData if current page returns notFound 1`] = `
Object {
  "component": [Function],
  "json": Object {
    "pageContext": "something something",
  },
  "page": Object {
    "componentChunkName": "chunk",
    "matchPath": undefined,
    "path": "/app/",
    "webpackCompilationHash": "123",
  },
}
`;

exports[`Dev loader loadPage should load page path first before falling back to matchPath 1`] = `
Object {
  "component": [Function],
  "json": Object {
    "pageContext": "something something",
  },
  "page": Object {
    "componentChunkName": "chunk",
    "matchPath": undefined,
    "path": "/app/login/",
    "webpackCompilationHash": "123",
  },
}
`;
